// Jest Snapshot v1, https://goo.gl/fbAQLP

exports[`transforms client-imports 1`] = `
"// Transform relative paths to absolute in order
// to match component IDs from ClientMarker.
function normalizeComponentPaths(
  componentObject: Record<string, undefined | (() => any)>,
  prefix: string
) {
  return Object.entries(componentObject).reduce((acc, [key, value]) => {
    acc[prefix + key.replace(/\\\\.\\\\.\\\\//gm, '')] = value;
    return acc;
  }, {} as typeof componentObject);
}

// These strings are replaced in a plugin with real globs
// and paths that depend on the user project structure.
const allClientComponents = {
  ...normalizeComponentPaths(
    // @ts-ignore
    import.meta.glob('../../components/**/*.client.js'),
    \`@shopify/\`
  ),
  ...normalizeComponentPaths(
    // @ts-ignore
    import.meta.glob('../../../src/**/*.client.[jt]sx'),
    \`./\`
  ),
};

export default function importClientComponent(moduleId: string) {
  const modImport = allClientComponents[moduleId];

  if (!modImport) {
    throw new Error(\`Could not find client component \${moduleId}\`);
  }

  return modImport();
}
"
`;
